
  Syntax error!
  tests/parsing/errors/scanner/nativeint.res:1:18

  1 │ let nativeint = 3n
  2 │ 

  Unsupported number type (nativeint). Did you mean `3`?

let nativeint = 3n